// Jest Snapshot v1, https://goo.gl/fbAQLP

exports[`App component renders App 1`] = `
<DocumentFragment>
  <label
    for="text"
  >
    Search:
  </label>
  <input
    id="text"
    name="text"
    placeholder="Enter username"
    type="text"
    value=""
  />
  <button>
    Submit
  </button>
</DocumentFragment>
`;
